// Jest Snapshot v1, https://jestjs.io/docs/snapshot-testing

exports[`Product Page renders product page correctly 1`] = `
<div>
  <div>
    <div
      class="produk"
    >
      <h1
        class="produk_title"
      >
        Daftar Produk
      </h1>
      <div
        class="produk_content"
      >
        <div
          class="produk_content_skeleton"
        >
          <div
            class="produk_content_skeleton_image"
          />
          <div
            class="produk_content_skeleton_name"
          />
          <div
            class="produk_content_skeleton_category"
          />
          <div
            class="produk_content_skeleton_price"
          />
        </div>
      </div>
    </div>
  </div>
</div>
`;
